[demoxml.com/html/flatible/skin0204b9.html]
[backblue.gif]
[fade.gif]
[index.html]
[demoxml.com/html/flatible/css/bootstrap.css]
[demoxml.com/html/flatible/css/magnific-popup.css]
[demoxml.com/html/flatible/css/flexslider.css]
[demoxml.com/html/flatible/css/jquery.bxslider.css]
[demoxml.com/html/flatible/css/fullwidth.css]
[demoxml.com/html/flatible/css/settings.css]
[demoxml.com/html/flatible/css/style.css]
[demoxml.com/html/flatible/css/responsive.css]
[demoxml.com/html/flatible/js/jquery.min.js]
[demoxml.com/html/flatible/js/jquery.migrate.js]
[demoxml.com/html/flatible/js/bootstrap.js]
[demoxml.com/html/flatible/js/jquery.imagesloaded.min.js]
[demoxml.com/html/flatible/js/jquery.isotope.min.js]
[demoxml.com/html/flatible/js/jquery.magnific-popup.min.js]
[demoxml.com/html/flatible/js/jquery.flexslider.js]
[demoxml.com/html/flatible/js/jquery.bxslider.min.js]
[demoxml.com/html/flatible/js/gmap3.min.js]
[demoxml.com/html/flatible/js/jquery.themepunch.revolution.min.js]
[demoxml.com/html/flatible/js/script.js]
[demoxml.com/html/flatible/images/skin2/logo.png]
[demoxml.com/html/flatible/upload/slide1.jpg]
[demoxml.com/html/flatible/images/slider-icons/slider-icon1.png]
[demoxml.com/html/flatible/images/slider-icons/slider-icon2.png]
[demoxml.com/html/flatible/images/slider-icons/slider-icon3.png]
[demoxml.com/html/flatible/images/slider-icons/slider-icon4.png]
[demoxml.com/html/flatible/images/slider-icons/arrow-big.png]
[demoxml.com/html/flatible/images/slider-icons/arrow-middle.png]
[demoxml.com/html/flatible/images/slider-icons/arrow-small.png]
[demoxml.com/html/flatible/images/slider-icons/ipad.png]
[demoxml.com/html/flatible/upload/photo-ipad.jpg]
[demoxml.com/html/flatible/images/slider-icons/slider-icon5.png]
[demoxml.com/html/flatible/images/slider-icons/slider-icon6.png]
[demoxml.com/html/flatible/images/slider-icons/slider-icon7.png]
[demoxml.com/html/flatible/images/slider-icons/slider-icon8.png]
[demoxml.com/html/flatible/images/slider-icons/slider-icon9.png]
[demoxml.com/html/flatible/images/slider-icons/mac.png]
[demoxml.com/html/flatible/upload/photo-mac.jpg]
[demoxml.com/html/flatible/images/slider-icons/slider-icon10.png]
[demoxml.com/html/flatible/images/slider-icons/slider-icon11.png]
[demoxml.com/html/flatible/images/slider-icons/slider-icon12.png]
[demoxml.com/html/flatible/images/slider-icons/slider-icon13.png]
[demoxml.com/html/flatible/images/slider-icons/slider-icon14.png]
[demoxml.com/html/flatible/images/slider-icons/slider-icon15.png]
[demoxml.com/html/flatible/images/icon1.png]
[demoxml.com/html/flatible/images/icon2.png]
[demoxml.com/html/flatible/images/icon3.png]
[demoxml.com/html/flatible/upload/1.jpg]
[demoxml.com/html/flatible/upload/2.jpg]
[demoxml.com/html/flatible/upload/3.jpg]
[demoxml.com/html/flatible/upload/4.jpg]
[demoxml.com/html/flatible/upload/5.jpg]
[demoxml.com/html/flatible/upload/6.jpg]
[demoxml.com/html/flatible/upload/7.jpg]
[demoxml.com/html/flatible/upload/8.jpg]
[demoxml.com/html/flatible/upload/9.jpg]
[demoxml.com/html/flatible/upload/10.jpg]
[demoxml.com/html/flatible/upload/11.jpg]
[demoxml.com/html/flatible/upload/12.jpg]
[demoxml.com/html/flatible/images/image1.png]
[demoxml.com/html/flatible/images/image2.png]
[demoxml.com/html/flatible/images/team-member1.png]
[demoxml.com/html/flatible/images/team-member2.png]
[demoxml.com/html/flatible/images/team-member3.png]
[demoxml.com/html/flatible/images/team-member4.png]
[demoxml.com/html/flatible/upload/single-project/1.jpg]
[demoxml.com/html/flatible/upload/single-project/2.jpg]
[demoxml.com/html/flatible/upload/single-project/3.jpg]
[demoxml.com/html/flatible/skin0204b9.html]
[demoxml.com/html/flatible/fonts/glyphicons-halflings-regular.eot]
[demoxml.com/html/flatible/fonts/glyphicons-halflings-regulard41d.eot]
[demoxml.com/html/flatible/fonts/glyphicons-halflings-regular.woff]
[demoxml.com/html/flatible/fonts/glyphicons-halflings-regular.ttf]
[demoxml.com/html/flatible/fonts/glyphicons-halflings-regular.svg]
[demoxml.com/html/flatible/css/bootstrap.css]
[demoxml.com/html/flatible/css/magnific-popup.css]
[demoxml.com/html/flatible/images/next.png]
[demoxml.com/html/flatible/images/prev.png]
[demoxml.com/html/flatible/css/flexslider.css]
[demoxml.com/html/flatible/images/bx_loader.gif]
[demoxml.com/html/flatible/images/bullet.png]
[demoxml.com/html/flatible/images/bullet-active.png]
[demoxml.com/html/flatible/css/jquery.bxslider.css]
[demoxml.com/html/flatible/css/fullwidth.css]
[demoxml.com/html/flatible/images/gradient/g30.png]
[demoxml.com/html/flatible/images/gradient/g40.png]
[demoxml.com/html/flatible/assets/shadow2.png]
[demoxml.com/html/flatible/assets/shadow3.png]
[demoxml.com/html/flatible/assets/boxed_bgtile.png]
[demoxml.com/html/flatible/assets/navigdots_bgtile.png]
[demoxml.com/html/flatible/assets/bullet.png]
[demoxml.com/html/flatible/assets/bullets.png]
[demoxml.com/html/flatible/assets/bullets2.png]
[demoxml.com/html/flatible/assets/bullet_boxed.png]
[demoxml.com/html/flatible/assets/navigdots.png]
[demoxml.com/html/flatible/images/large_left.png]
[demoxml.com/html/flatible/images/large_right.png]
[demoxml.com/html/flatible/images/small_left.png]
[demoxml.com/html/flatible/images/small_right.png]
[demoxml.com/html/flatible/images/arrow_left.png]
[demoxml.com/html/flatible/images/arrow_right.png]
[demoxml.com/html/flatible/images/small_left_boxed.png]
[demoxml.com/html/flatible/images/small_right_boxed.png]
[demoxml.com/html/flatible/images/arrowleft.png]
[demoxml.com/html/flatible/images/arrowright.png]
[demoxml.com/html/flatible/images/arrow_left2.png]
[demoxml.com/html/flatible/images/arrow_right2.png]
[demoxml.com/html/flatible/images/timer.png]
[demoxml.com/html/flatible/assets/coloredbg.png]
[demoxml.com/html/flatible/images/loader.gif]
[demoxml.com/html/flatible/css/settings.css]
[demoxml.com/html/flatible/images/home.png]
[demoxml.com/html/flatible/images/portfolio.png]
[demoxml.com/html/flatible/images/services.png]
[demoxml.com/html/flatible/images/testimonials.png]
[demoxml.com/html/flatible/images/about.png]
[demoxml.com/html/flatible/images/contact.png]
[demoxml.com/html/flatible/images/home-active.png]
[demoxml.com/html/flatible/images/portfolio-active.png]
[demoxml.com/html/flatible/images/services-active.png]
[demoxml.com/html/flatible/images/testimonials-active.png]
[demoxml.com/html/flatible/images/about-active.png]
[demoxml.com/html/flatible/images/contact-active.png]
[demoxml.com/html/flatible/images/services1.png]
[demoxml.com/html/flatible/images/services2.png]
[demoxml.com/html/flatible/images/services3.png]
[demoxml.com/html/flatible/images/services4.png]
[demoxml.com/html/flatible/images/services5.png]
[demoxml.com/html/flatible/images/services6.png]
[demoxml.com/html/flatible/images/services1-active.png]
[demoxml.com/html/flatible/images/services2-active.png]
[demoxml.com/html/flatible/images/services3-active.png]
[demoxml.com/html/flatible/images/services4-active.png]
[demoxml.com/html/flatible/images/services5-active.png]
[demoxml.com/html/flatible/images/services6-active.png]
[demoxml.com/html/flatible/images/facebook.png]
[demoxml.com/html/flatible/images/twitter.png]
[demoxml.com/html/flatible/images/dribble.png]
[demoxml.com/html/flatible/images/address.png]
[demoxml.com/html/flatible/images/phone.png]
[demoxml.com/html/flatible/images/rss.png]
[demoxml.com/html/flatible/images/youtube.png]
[demoxml.com/html/flatible/images/google.png]
[demoxml.com/html/flatible/images/skin2/home.png]
[demoxml.com/html/flatible/images/skin2/portfolio.png]
[demoxml.com/html/flatible/images/skin2/services.png]
[demoxml.com/html/flatible/images/skin2/testimonials.png]
[demoxml.com/html/flatible/images/skin2/about.png]
[demoxml.com/html/flatible/images/skin2/contact.png]
[demoxml.com/html/flatible/images/skin2/home-active.png]
[demoxml.com/html/flatible/images/skin2/portfolio-active.png]
[demoxml.com/html/flatible/images/skin2/services-active.png]
[demoxml.com/html/flatible/images/skin2/testimonials-active.png]
[demoxml.com/html/flatible/images/skin2/about-active.png]
[demoxml.com/html/flatible/images/skin2/contact-active.png]
[demoxml.com/html/flatible/images/skin2/timer.png]
[demoxml.com/html/flatible/images/skin2/services1.png]
[demoxml.com/html/flatible/images/skin2/services2.png]
[demoxml.com/html/flatible/images/skin2/services3.png]
[demoxml.com/html/flatible/images/skin2/services4.png]
[demoxml.com/html/flatible/images/skin2/services5.png]
[demoxml.com/html/flatible/images/skin2/services6.png]
[demoxml.com/html/flatible/images/skin2/services1-active.png]
[demoxml.com/html/flatible/images/skin2/services2-active.png]
[demoxml.com/html/flatible/images/skin2/services3-active.png]
[demoxml.com/html/flatible/images/skin2/services4-active.png]
[demoxml.com/html/flatible/images/skin2/services5-active.png]
[demoxml.com/html/flatible/images/skin2/services6-active.png]
[demoxml.com/html/flatible/images/skin3/home.png]
[demoxml.com/html/flatible/images/skin3/portfolio.png]
[demoxml.com/html/flatible/images/skin3/services.png]
[demoxml.com/html/flatible/images/skin3/testimonials.png]
[demoxml.com/html/flatible/images/skin3/about.png]
[demoxml.com/html/flatible/images/skin3/contact.png]
[demoxml.com/html/flatible/images/skin3/home-active.png]
[demoxml.com/html/flatible/images/skin3/portfolio-active.png]
[demoxml.com/html/flatible/images/skin3/services-active.png]
[demoxml.com/html/flatible/images/skin3/testimonials-active.png]
[demoxml.com/html/flatible/images/skin3/about-active.png]
[demoxml.com/html/flatible/images/skin3/contact-active.png]
[demoxml.com/html/flatible/images/skin3/timer.png]
[demoxml.com/html/flatible/images/skin3/services1.png]
[demoxml.com/html/flatible/images/skin3/services2.png]
[demoxml.com/html/flatible/images/skin3/services3.png]
[demoxml.com/html/flatible/images/skin3/services4.png]
[demoxml.com/html/flatible/images/skin3/services5.png]
[demoxml.com/html/flatible/images/skin3/services6.png]
[demoxml.com/html/flatible/images/skin3/services1-active.png]
[demoxml.com/html/flatible/images/skin3/services2-active.png]
[demoxml.com/html/flatible/images/skin3/services3-active.png]
[demoxml.com/html/flatible/images/skin3/services4-active.png]
[demoxml.com/html/flatible/images/skin3/services5-active.png]
[demoxml.com/html/flatible/images/skin3/services6-active.png]
[demoxml.com/html/flatible/images/skin4/home.png]
[demoxml.com/html/flatible/images/skin4/portfolio.png]
[demoxml.com/html/flatible/images/skin4/services.png]
[demoxml.com/html/flatible/images/skin4/testimonials.png]
[demoxml.com/html/flatible/images/skin4/about.png]
[demoxml.com/html/flatible/images/skin4/contact.png]
[demoxml.com/html/flatible/images/skin4/home-active.png]
[demoxml.com/html/flatible/images/skin4/portfolio-active.png]
[demoxml.com/html/flatible/images/skin4/services-active.png]
[demoxml.com/html/flatible/images/skin4/testimonials-active.png]
[demoxml.com/html/flatible/images/skin4/about-active.png]
[demoxml.com/html/flatible/images/skin4/contact-active.png]
[demoxml.com/html/flatible/images/skin4/timer.png]
[demoxml.com/html/flatible/images/skin4/services1.png]
[demoxml.com/html/flatible/images/skin4/services2.png]
[demoxml.com/html/flatible/images/skin4/services3.png]
[demoxml.com/html/flatible/images/skin4/services4.png]
[demoxml.com/html/flatible/images/skin4/services5.png]
[demoxml.com/html/flatible/images/skin4/services6.png]
[demoxml.com/html/flatible/images/skin4/services1-active.png]
[demoxml.com/html/flatible/images/skin4/services2-active.png]
[demoxml.com/html/flatible/images/skin4/services3-active.png]
[demoxml.com/html/flatible/images/skin4/services4-active.png]
[demoxml.com/html/flatible/images/skin4/services5-active.png]
[demoxml.com/html/flatible/images/skin4/services6-active.png]
[demoxml.com/html/flatible/css/style.css]
[demoxml.com/html/flatible/css/responsive.css]
[demoxml.com/html/flatible/fonts/glyphicons-halflings-regular.html]
[demoxml.com/html/flatible/fonts/glyphicons-halflings-regulard41d.html]
[demoxml.com/html/flatible/fonts/glyphicons-halflings-regular-2.html]
[demoxml.com/html/flatible/fonts/glyphicons-halflings-regular-3.html]
[demoxml.com/html/flatible/fonts/glyphicons-halflings-regular-4.html]
[demoxml.com/html/flatible/images/gradient/g30.html]
[demoxml.com/html/flatible/images/gradient/g40.html]
[demoxml.com/html/flatible/assets/shadow2.html]
[demoxml.com/html/flatible/assets/shadow3.html]
[demoxml.com/html/flatible/assets/boxed_bgtile.html]
[demoxml.com/html/flatible/assets/navigdots_bgtile.html]
[demoxml.com/html/flatible/assets/bullet.html]
[demoxml.com/html/flatible/assets/bullets.html]
[demoxml.com/html/flatible/assets/bullets2.html]
[demoxml.com/html/flatible/assets/bullet_boxed.html]
[demoxml.com/html/flatible/assets/navigdots.html]
[demoxml.com/html/flatible/images/small_left.html]
[demoxml.com/html/flatible/images/small_right.html]
[demoxml.com/html/flatible/images/arrow_left.html]
[demoxml.com/html/flatible/images/arrow_right.html]
[demoxml.com/html/flatible/images/small_left_boxed.html]
[demoxml.com/html/flatible/images/small_right_boxed.html]
[demoxml.com/html/flatible/images/arrowleft.html]
[demoxml.com/html/flatible/images/arrowright.html]
[demoxml.com/html/flatible/images/arrow_left2.html]
[demoxml.com/html/flatible/images/arrow_right2.html]
[demoxml.com/html/flatible/assets/coloredbg.html]
